// Jest Snapshot v1, https://goo.gl/fbAQLP

exports[`List component renders List 1`] = `
<DocumentFragment>
  <div>
    <h3>
      Character List
    </h3>
    <div>
      <a
        class="character-name"
        href="/details/1"
      >
        jim
      </a>
      <br />
    </div>
    <div>
      <a
        class="character-name"
        href="/details/2"
      >
        fred
      </a>
      <br />
    </div>
  </div>
</DocumentFragment>
`;
